// Bun Snapshot v1, https://goo.gl/fbAQLP

exports[`Oceanus Theme pageTokens should match the established baseline 1`] = `
{
  "page": {
    "backdrop": {
      "initial": {
        "description": "",
        "value": {
          "_darkMode": "rgba(28.000000230968, 29.000000171363354, 33.00000183284283, 0.800000011920929)",
          "_lightMode": "{colors.oceanus.drop-shadow.300}",
          "base": "rgba(28.000000230968, 29.000000171363354, 33.00000183284283, 0.800000011920929)",
        },
      },
    },
    "bg": {
      "100": {
        "description": "",
        "value": {
          "_darkMode": "{colors.oceanus.neutral.95}",
          "_lightMode": "{colors.oceanus.neutral.20}",
          "base": "{colors.oceanus.neutral.95}",
        },
      },
      "200": {
        "description": "",
        "value": {
          "_darkMode": "{colors.oceanus.neutral.90}",
          "_lightMode": "{colors.oceanus.neutral.30}",
          "base": "{colors.oceanus.neutral.90}",
        },
      },
      "300": {
        "description": "",
        "value": {
          "_darkMode": "{colors.oceanus.neutral.80}",
          "_lightMode": "{colors.oceanus.neutral.40}",
          "base": "{colors.oceanus.neutral.80}",
        },
      },
      "initial": {
        "description": "",
        "value": {
          "_darkMode": "{colors.oceanus.neutral.100}",
          "_lightMode": "{colors.oceanus.neutral.10}",
          "base": "{colors.oceanus.neutral.100}",
        },
      },
    },
    "border": {
      "100": {
        "description": "",
        "value": {
          "_darkMode": "{colors.oceanus.neutral.80}",
          "_lightMode": "{colors.oceanus.neutral.20}",
          "base": "{colors.oceanus.neutral.80}",
        },
      },
      "200": {
        "description": "",
        "value": {
          "_darkMode": "{colors.oceanus.neutral.50}",
          "_lightMode": "{colors.oceanus.neutral.40}",
          "base": "{colors.oceanus.neutral.50}",
        },
      },
      "initial": {
        "description": "",
        "value": {
          "_darkMode": "{colors.oceanus.neutral.90}",
          "_lightMode": "{colors.oceanus.neutral.30}",
          "base": "{colors.oceanus.neutral.90}",
        },
      },
    },
    "surface": {
      "100": {
        "description": "",
        "value": {
          "_darkMode": "{colors.oceanus.neutral.95}",
          "_lightMode": "{colors.oceanus.neutral.5}",
          "base": "{colors.oceanus.neutral.95}",
        },
      },
      "200": {
        "description": "",
        "value": {
          "_darkMode": "{colors.oceanus.neutral.90}",
          "_lightMode": "{colors.oceanus.neutral.10}",
          "base": "{colors.oceanus.neutral.90}",
        },
      },
      "300": {
        "description": "",
        "value": {
          "_darkMode": "{colors.oceanus.neutral.80}",
          "_lightMode": "{colors.oceanus.neutral.20}",
          "base": "{colors.oceanus.neutral.80}",
        },
      },
      "400": {
        "description": "",
        "value": {
          "_darkMode": "{colors.oceanus.neutral.70}",
          "_lightMode": "{colors.oceanus.neutral.40}",
          "base": "{colors.oceanus.neutral.70}",
        },
      },
      "initial": {
        "description": 
"Reserved for the &quot;floor&quot; of the page, or the lowest elevation surface
Use for: Page backgrounds"
,
        "value": {
          "_darkMode": "{colors.oceanus.neutral.100}",
          "_lightMode": "{colors.oceanus.neutral.white}",
          "base": "{colors.oceanus.neutral.100}",
        },
      },
      "inverse": {
        "description": "",
        "value": {
          "_darkMode": "{colors.oceanus.neutral.10}",
          "_lightMode": "{colors.oceanus.neutral.95}",
          "base": "{colors.oceanus.neutral.10}",
        },
      },
    },
    "text": {
      "100": {
        "description": "Static text with the least amount of emphasis, like disabled text elements or captions. ",
        "value": {
          "_darkMode": "{colors.oceanus.neutral.60}",
          "_lightMode": "{colors.oceanus.neutral.80}",
          "base": "{colors.oceanus.neutral.60}",
        },
      },
      "200": {
        "description": "",
        "value": {
          "_darkMode": "{colors.oceanus.neutral.40}",
          "_lightMode": "{colors.oceanus.neutral.90}",
          "base": "{colors.oceanus.neutral.40}",
        },
      },
      "300": {
        "description": "High emphasis static text on page, like page headers or section titles. ",
        "value": {
          "_darkMode": "{colors.oceanus.neutral.white}",
          "_lightMode": "{colors.oceanus.neutral.100}",
          "base": "{colors.oceanus.neutral.white}",
        },
      },
      "initial": {
        "description": "The default styling for static text and icons on a page.",
        "value": {
          "_darkMode": "{colors.oceanus.neutral.10}",
          "_lightMode": "{colors.oceanus.neutral.95}",
          "base": "{colors.oceanus.neutral.10}",
        },
      },
      "inverse": {
        "description": "For use in containers that are also using the &quot;inverse&quot; styling. The inverse of the current mode the page is set to. ",
        "value": {
          "_darkMode": "{colors.oceanus.neutral.95}",
          "_lightMode": "{colors.oceanus.neutral.white}",
          "base": "{colors.oceanus.neutral.95}",
        },
      },
    },
  },
}
`;

exports[`Oceanus Theme actionTokens should match the established baseline 1`] = `
{
  "action": {
    "bg": {
      "active": {
        "description": "",
        "value": {
          "_darkMode": "{colors.oceanus.brand.50}",
          "_lightMode": "{colors.oceanus.brand.80}",
          "base": "{colors.oceanus.brand.50}",
        },
      },
      "hover": {
        "description": "",
        "value": {
          "_darkMode": "{colors.oceanus.brand.50}",
          "_lightMode": "{colors.oceanus.brand.70}",
          "base": "{colors.oceanus.brand.50}",
        },
      },
      "initial": {
        "description": "",
        "value": {
          "_darkMode": "{colors.oceanus.brand.70}",
          "_lightMode": "{colors.oceanus.brand.60}",
          "base": "{colors.oceanus.brand.70}",
        },
      },
    },
    "border": {
      "100": {
        "description": "for use on less prominent actionable borders, like input fields etc",
        "value": {
          "_darkMode": "{colors.oceanus.neutral.30}",
          "_lightMode": "{colors.oceanus.neutral.60}",
          "base": "{colors.oceanus.neutral.30}",
        },
      },
      "focus": {
        "description": "",
        "value": {
          "_darkMode": "{colors.oceanus.brand.10}",
          "_lightMode": "{colors.oceanus.brand.90}",
          "base": "{colors.oceanus.brand.10}",
        },
      },
      "initial": {
        "description": "",
        "value": {
          "_darkMode": "{colors.oceanus.brand.5}",
          "_lightMode": "{colors.oceanus.brand.100}",
          "base": "{colors.oceanus.brand.5}",
        },
      },
    },
    "ghost": {
      "active": {
        "description": "",
        "value": {
          "_darkMode": "{colors.oceanus.neutral.80}",
          "_lightMode": "{colors.oceanus.neutral.20}",
          "base": "{colors.oceanus.neutral.80}",
        },
      },
      "hover": {
        "description": "Hover state of ghost action elements. Pair with text.action.100 to meet accessibility requirements.",
        "value": {
          "_darkMode": "{colors.oceanus.neutral.90}",
          "_lightMode": "{colors.oceanus.neutral.20}",
          "base": "{colors.oceanus.neutral.90}",
        },
      },
      "initial": {
        "description": "",
        "value": {
          "_darkMode": "{colors.oceanus.neutral.100}",
          "_lightMode": "{colors.oceanus.neutral.white}",
          "base": "{colors.oceanus.neutral.100}",
        },
      },
    },
    "navigation": {
      "hover": {
        "description": "Text color of hyperlinks throughout the site while hovering",
        "value": {
          "_darkMode": "{colors.oceanus.brand.50}",
          "_lightMode": "{colors.oceanus.brand.80}",
          "base": "{colors.oceanus.brand.50}",
        },
      },
      "initial": {
        "description": "Text color of hyperlinks throughout the site. ",
        "value": {
          "_darkMode": "{colors.oceanus.brand.40}",
          "_lightMode": "{colors.oceanus.brand.70}",
          "base": "{colors.oceanus.brand.40}",
        },
      },
      "visited": {
        "description": "Text color of hyperlinks throughout the site that have been visited",
        "value": {
          "_darkMode": "{colors.oceanus.brand.30}",
          "_lightMode": "{colors.oceanus.brand.100}",
          "base": "{colors.oceanus.brand.30}",
        },
      },
    },
    "text": {
      "100": {
        "description": "Text action items that are sitting on a lighter background color, like secondary buttons etc. ",
        "value": {
          "_darkMode": "{colors.oceanus.brand.50}",
          "_lightMode": "{colors.oceanus.brand.80}",
          "base": "{colors.oceanus.brand.50}",
        },
      },
      "200": {
        "description": "reserved for interactive text, or icons using brand colors. ",
        "value": {
          "_darkMode": "{colors.oceanus.brand.10}",
          "_lightMode": "{colors.oceanus.brand.100}",
          "base": "{colors.oceanus.brand.10}",
        },
      },
      "initial": {
        "description": 
"Text color inside of interactive items using the action palette
Use for: Buttons (filled, outline). Button icons"
,
        "value": {
          "_darkMode": "{colors.oceanus.brand.5}",
          "_lightMode": "{colors.oceanus.brand.5}",
          "base": "{colors.oceanus.brand.5}",
        },
      },
      "inverse": {
        "description": "",
        "value": {
          "_darkMode": "{colors.cerberus.brand.5}",
          "_lightMode": "{colors.oceanus.brand.100}",
          "base": "{colors.cerberus.brand.5}",
        },
      },
      "static": {
        "description": "For use when a text color will not change between modes",
        "value": {
          "_darkMode": "{colors.oceanus.brand.50}",
          "_lightMode": "{colors.oceanus.brand.50}",
          "base": "{colors.oceanus.brand.50}",
        },
      },
    },
  },
}
`;

exports[`Oceanus Theme secondaryActionTokens should match the established baseline 1`] = `
{
  "secondaryAction": {
    "bg": {
      "active": {
        "description": "",
        "value": {
          "_darkMode": "{colors.oceanus.neutral.70}",
          "_lightMode": "{colors.oceanus.neutral.40}",
          "base": "{colors.oceanus.neutral.70}",
        },
      },
      "hover": {
        "description": "",
        "value": {
          "_darkMode": "{colors.oceanus.neutral.80}",
          "_lightMode": "{colors.oceanus.neutral.30}",
          "base": "{colors.oceanus.neutral.80}",
        },
      },
      "initial": {
        "description": "",
        "value": {
          "_darkMode": "{colors.oceanus.neutral.90}",
          "_lightMode": "{colors.oceanus.neutral.20}",
          "base": "{colors.oceanus.neutral.90}",
        },
      },
    },
    "border": {
      "100": {
        "description": "for use on less prominent actionable borders, like input fields etc",
        "value": {
          "_darkMode": "{colors.oceanus.neutral.80}",
          "_lightMode": "{colors.oceanus.neutral.30}",
          "base": "{colors.oceanus.neutral.80}",
        },
      },
      "initial": {
        "description": "",
        "value": {
          "_darkMode": "{colors.oceanus.brand.60}",
          "_lightMode": "{colors.oceanus.brand.60}",
          "base": "{colors.oceanus.brand.60}",
        },
      },
    },
    "ghost": {
      "active": {
        "description": "",
        "value": {
          "_darkMode": "{colors.oceanus.brand.80}",
          "_lightMode": "{colors.oceanus.brand.30}",
          "base": "{colors.oceanus.brand.80}",
        },
      },
      "hover": {
        "description": "Hover state of ghost action elements. Pair with text.secondary-action.100 to meet accessibility requirements.",
        "value": {
          "_darkMode": "{colors.oceanus.brand.90}",
          "_lightMode": "{colors.oceanus.brand.20}",
          "base": "{colors.oceanus.brand.90}",
        },
      },
      "initial": {
        "description": "",
        "value": {
          "_darkMode": "{colors.oceanus.brand.100}",
          "_lightMode": "{colors.oceanus.neutral.white}",
          "base": "{colors.oceanus.brand.100}",
        },
      },
    },
    "navigation": {
      "hover": {
        "description": "Text color of hyperlinks throughout the site while hovering. ",
        "value": {
          "_darkMode": "{colors.cerberus.brand.30}",
          "_lightMode": "{colors.cerberus.brand.50}",
          "base": "{colors.cerberus.brand.30}",
        },
      },
      "initial": {
        "description": "Text color of hyperlinks throughout the site. ",
        "value": {
          "_darkMode": "{colors.cerberus.brand.10}",
          "_lightMode": "{colors.cerberus.brand.60}",
          "base": "{colors.cerberus.brand.10}",
        },
      },
      "visited": {
        "description": "Text color of hyperlinks throughout the site that have been vistited",
        "value": {
          "_darkMode": "{colors.cerberus.brand.20}",
          "_lightMode": "{colors.cerberus.brand.100}",
          "base": "{colors.cerberus.brand.20}",
        },
      },
    },
    "text": {
      "100": {
        "description": "Text color inside of interactive items and icons that have an inverse background of the initial token. That may need a different style of emphasis. Use case may vary per product.",
        "value": {
          "_darkMode": "{colors.cerberus.brand.10}",
          "_lightMode": "{colors.cerberus.brand.100}",
          "base": "{colors.cerberus.brand.10}",
        },
      },
      "200": {
        "description": 
"Text color inside of interactive items
Use for: Buttons (filled, outline). Button icons that may need a different style of emphasis. Use case may vary per product."
,
        "value": {
          "_darkMode": "{colors.cerberus.brand.30}",
          "_lightMode": "{colors.cerberus.brand.50}",
          "base": "{colors.cerberus.brand.30}",
        },
      },
      "initial": {
        "description": 
"Text color inside of interactive items
Use for: Buttons (filled, outline). Button icons that may need a different style of emphasis. Use case may vary per product."
,
        "value": {
          "_darkMode": "{colors.cerberus.brand.20}",
          "_lightMode": "{colors.cerberus.brand.90}",
          "base": "{colors.cerberus.brand.20}",
        },
      },
      "static": {
        "description": 
"Text color inside of interactive items
Use for: Buttons (filled, outline). Button icons that may need a different style of emphasis. Use case may vary per product."
,
        "value": {
          "_darkMode": "{colors.cerberus.brand.40}",
          "_lightMode": "{colors.cerberus.brand.40}",
          "base": "{colors.cerberus.brand.40}",
        },
      },
    },
  },
}
`;

exports[`Oceanus Theme infoTokens should match the established baseline 1`] = `
{
  "info": {
    "bg": {
      "active": {
        "description": "",
        "value": {
          "_darkMode": "{colors.info.oceanus.60}",
          "_lightMode": "{colors.info.oceanus.50}",
          "base": "{colors.info.oceanus.60}",
        },
      },
      "hover": {
        "description": "",
        "value": {
          "_darkMode": "{colors.info.oceanus.90}",
          "_lightMode": "{colors.info.oceanus.40}",
          "base": "{colors.info.oceanus.90}",
        },
      },
      "initial": {
        "description": "",
        "value": {
          "_darkMode": "{colors.info.oceanus.70}",
          "_lightMode": "{colors.info.oceanus.30}",
          "base": "{colors.info.oceanus.70}",
        },
      },
    },
    "border": {
      "100": {
        "description": "",
        "value": {
          "_darkMode": "{colors.info.oceanus.70}",
          "_lightMode": "{colors.info.oceanus.40}",
          "base": "{colors.info.oceanus.70}",
        },
      },
      "initial": {
        "description": "",
        "value": {
          "_darkMode": "{colors.info.oceanus.80}",
          "_lightMode": "{colors.info.oceanus.60}",
          "base": "{colors.info.oceanus.80}",
        },
      },
    },
    "ghost": {
      "active": {
        "description": "",
        "value": {
          "_darkMode": "{colors.info.oceanus.70}",
          "_lightMode": "{colors.info.oceanus.40}",
          "base": "{colors.info.oceanus.70}",
        },
      },
      "hover": {
        "description": "Hover state of ghost action elements. Pair with text.info.100 to meet accessibility requirements.",
        "value": {
          "_darkMode": "{colors.info.oceanus.80}",
          "_lightMode": "{colors.info.oceanus.30}",
          "base": "{colors.info.oceanus.80}",
        },
      },
      "initial": {
        "description": "",
        "value": {
          "_darkMode": "{colors.oceanus.neutral.100}",
          "_lightMode": "{colors.oceanus.neutral.white}",
          "base": "{colors.oceanus.neutral.100}",
        },
      },
    },
    "surface": {
      "100": {
        "description": 
"Reserved for the &quot;floor&quot; of the page, or the lowest elevation surface
Use for: Page backgrounds"
,
        "value": {
          "_darkMode": "{colors.info.oceanus.90}",
          "_lightMode": "{colors.info.oceanus.20}",
          "base": "{colors.info.oceanus.90}",
        },
      },
      "200": {
        "description": 
"Reserved for the &quot;floor&quot; of the page, or the lowest elevation surface
Use for: Page backgrounds"
,
        "value": {
          "_darkMode": "{colors.info.oceanus.70}",
          "_lightMode": "{colors.info.oceanus.50}",
          "base": "{colors.info.oceanus.70}",
        },
      },
      "initial": {
        "description": 
"Reserved for the &quot;floor&quot; of the page, or the lowest elevation surface
Use for: Page backgrounds"
,
        "value": {
          "_darkMode": "{colors.info.oceanus.80}",
          "_lightMode": "{colors.info.oceanus.30}",
          "base": "{colors.info.oceanus.80}",
        },
      },
    },
    "text": {
      "100": {
        "description": "",
        "value": {
          "_darkMode": "{colors.info.oceanus.10}",
          "_lightMode": "{colors.info.oceanus.100}",
          "base": "{colors.info.oceanus.10}",
        },
      },
      "200": {
        "description": "High emphasis text or icon to indicate an info state or highlight information",
        "value": {
          "_darkMode": "{colors.info.oceanus.30}",
          "_lightMode": "{colors.info.oceanus.80}",
          "base": "{colors.info.oceanus.30}",
        },
      },
      "initial": {
        "description": "The default styling for static info text and icons within an info palette container",
        "value": {
          "_darkMode": "{colors.info.oceanus.50}",
          "_lightMode": "{colors.info.oceanus.70}",
          "base": "{colors.info.oceanus.50}",
        },
      },
      "static": {
        "description": "For use when a text color will not change between modes",
        "value": {
          "_darkMode": "{colors.info.oceanus.70}",
          "_lightMode": "{colors.info.oceanus.70}",
          "base": "{colors.info.oceanus.70}",
        },
      },
    },
  },
}
`;

exports[`Oceanus Theme successTokens should match the established baseline 1`] = `
{
  "success": {
    "bg": {
      "active": {
        "description": "",
        "value": {
          "_darkMode": "{colors.oceanus.success.60}",
          "_lightMode": "{colors.oceanus.success.80}",
          "base": "{colors.oceanus.success.60}",
        },
      },
      "hover": {
        "description": "",
        "value": {
          "_darkMode": "{colors.oceanus.success.40}",
          "_lightMode": "{colors.oceanus.success.70}",
          "base": "{colors.oceanus.success.40}",
        },
      },
      "initial": {
        "description": "",
        "value": {
          "_darkMode": "{colors.oceanus.success.50}",
          "_lightMode": "{colors.oceanus.success.60}",
          "base": "{colors.oceanus.success.50}",
        },
      },
    },
    "border": {
      "initial": {
        "description": "",
        "value": {
          "_darkMode": "{colors.oceanus.success.50}",
          "_lightMode": "{colors.oceanus.success.70}",
          "base": "{colors.oceanus.success.50}",
        },
      },
    },
    "ghost": {
      "active": {
        "description": "",
        "value": {
          "_darkMode": "{colors.oceanus.success.70}",
          "_lightMode": "{colors.oceanus.success.30}",
          "base": "{colors.oceanus.success.70}",
        },
      },
      "hover": {
        "description": "Hover state of ghost action elements. Pair with text.success.100 to meet accessibility requirements.",
        "value": {
          "_darkMode": "{colors.oceanus.success.90}",
          "_lightMode": "{colors.oceanus.success.20}",
          "base": "{colors.oceanus.success.90}",
        },
      },
      "initial": {
        "description": "",
        "value": {
          "_darkMode": "{colors.oceanus.neutral.100}",
          "_lightMode": "{colors.oceanus.neutral.white}",
          "base": "{colors.oceanus.neutral.100}",
        },
      },
    },
    "surface": {
      "100": {
        "description": 
"Reserved for the &quot;floor&quot; of the page, or the lowest elevation surface
Use for: Page backgrounds"
,
        "value": {
          "_darkMode": "{colors.oceanus.success.100}",
          "_lightMode": "{colors.oceanus.success.20}",
          "base": "{colors.oceanus.success.100}",
        },
      },
      "200": {
        "description": 
"Reserved for the &quot;floor&quot; of the page, or the lowest elevation surface
Use for: Page backgrounds"
,
        "value": {
          "_darkMode": "{colors.oceanus.success.90}",
          "_lightMode": "{colors.oceanus.success.60}",
          "base": "{colors.oceanus.success.90}",
        },
      },
      "initial": {
        "description": 
"Reserved for the &quot;floor&quot; of the page, or the lowest elevation surface
Use for: Page backgrounds"
,
        "value": {
          "_darkMode": "{colors.oceanus.success.60}",
          "_lightMode": "{colors.oceanus.success.50}",
          "base": "{colors.oceanus.success.60}",
        },
      },
    },
    "text": {
      "100": {
        "description": "Medium emphasis success text ",
        "value": {
          "_darkMode": "{colors.oceanus.success.10}",
          "_lightMode": "{colors.oceanus.success.100}",
          "base": "{colors.oceanus.success.10}",
        },
      },
      "200": {
        "description": "Highest emphasis success color",
        "value": {
          "_darkMode": "{colors.oceanus.success.30}",
          "_lightMode": "{colors.oceanus.success.80}",
          "base": "{colors.oceanus.success.30}",
        },
      },
      "initial": {
        "description": "The default color of body success text within a success colored container. ",
        "value": {
          "_darkMode": "{colors.oceanus.success.60}",
          "_lightMode": "{colors.oceanus.success.60}",
          "base": "{colors.oceanus.success.60}",
        },
      },
      "inverse": {
        "description": "For use in containers that are also using the &quot;inverse&quot; styling. The inverse of the current mode the page is set to. ",
        "value": {
          "_darkMode": "{colors.oceanus.success.100}",
          "_lightMode": "{colors.oceanus.success.10}",
          "base": "{colors.oceanus.success.100}",
        },
      },
      "static": {
        "description": "For use when a text color will not change between modes",
        "value": {
          "_darkMode": "{colors.oceanus.success.70}",
          "_lightMode": "{colors.oceanus.success.70}",
          "base": "{colors.oceanus.success.70}",
        },
      },
    },
  },
}
`;

exports[`Oceanus Theme warningTokens should match the established baseline 1`] = `
{
  "warning": {
    "bg": {
      "active": {
        "description": "",
        "value": {
          "_darkMode": "{colors.warning.oceanus.60}",
          "_lightMode": "{colors.warning.oceanus.60}",
          "base": "{colors.warning.oceanus.60}",
        },
      },
      "hover": {
        "description": "",
        "value": {
          "_darkMode": "{colors.warning.oceanus.80}",
          "_lightMode": "{colors.warning.oceanus.40}",
          "base": "{colors.warning.oceanus.80}",
        },
      },
      "initial": {
        "description": "",
        "value": {
          "_darkMode": "{colors.warning.oceanus.70}",
          "_lightMode": "{colors.warning.oceanus.50}",
          "base": "{colors.warning.oceanus.70}",
        },
      },
    },
    "border": {
      "initial": {
        "description": "",
        "value": {
          "_darkMode": "{colors.warning.oceanus.30}",
          "_lightMode": "{colors.warning.oceanus.50}",
          "base": "{colors.warning.oceanus.30}",
        },
      },
    },
    "ghost": {
      "active": {
        "description": "",
        "value": {
          "_darkMode": "{colors.warning.oceanus.70}",
          "_lightMode": "{colors.warning.oceanus.40}",
          "base": "{colors.warning.oceanus.70}",
        },
      },
      "hover": {
        "description": "Hover state of ghost action elements. Pair with text.warning.100 to meet accessibility requirements.",
        "value": {
          "_darkMode": "{colors.warning.oceanus.80}",
          "_lightMode": "{colors.warning.oceanus.30}",
          "base": "{colors.warning.oceanus.80}",
        },
      },
      "initial": {
        "description": "",
        "value": {
          "_darkMode": "{colors.oceanus.neutral.100}",
          "_lightMode": "{colors.oceanus.neutral.white}",
          "base": "{colors.oceanus.neutral.100}",
        },
      },
    },
    "surface": {
      "100": {
        "description": 
"Reserved for the &quot;floor&quot; of the page, or the lowest elevation surface
Use for: Page backgrounds"
,
        "value": {
          "_darkMode": "{colors.warning.oceanus.90}",
          "_lightMode": "{colors.warning.oceanus.20}",
          "base": "{colors.warning.oceanus.90}",
        },
      },
      "200": {
        "description": "",
        "value": {
          "_darkMode": "{colors.warning.oceanus.50}",
          "_lightMode": "{colors.warning.oceanus.60}",
          "base": "{colors.warning.oceanus.50}",
        },
      },
      "initial": {
        "description": "",
        "value": {
          "_darkMode": "{colors.warning.oceanus.70}",
          "_lightMode": "{colors.warning.oceanus.40}",
          "base": "{colors.warning.oceanus.70}",
        },
      },
    },
    "text": {
      "100": {
        "description": "",
        "value": {
          "_darkMode": "{colors.warning.oceanus.30}",
          "_lightMode": "{colors.warning.oceanus.80}",
          "base": "{colors.warning.oceanus.30}",
        },
      },
      "200": {
        "description": "",
        "value": {
          "_darkMode": "{colors.warning.oceanus.100}",
          "_lightMode": "{colors.warning.oceanus.100}",
          "base": "{colors.warning.oceanus.100}",
        },
      },
      "initial": {
        "description": "The default color of body warning text and icons within a warning colored container. ",
        "value": {
          "_darkMode": "{colors.warning.oceanus.40}",
          "_lightMode": "{colors.warning.oceanus.90}",
          "base": "{colors.warning.oceanus.40}",
        },
      },
      "inverse": {
        "description": "For use in containers that are also using the &quot;inverse&quot; styling. The inverse of the current mode the page is set to. ",
        "value": {
          "_darkMode": "{colors.warning.oceanus.100}",
          "_lightMode": "{colors.warning.oceanus.20}",
          "base": "{colors.warning.oceanus.100}",
        },
      },
      "static": {
        "description": "For use when a text color will not change between modes",
        "value": {
          "_darkMode": "{colors.warning.oceanus.70}",
          "_lightMode": "{colors.warning.oceanus.70}",
          "base": "{colors.warning.oceanus.70}",
        },
      },
    },
  },
}
`;

exports[`Oceanus Theme dangerTokens should match the established baseline 1`] = `
{
  "danger": {
    "bg": {
      "active": {
        "description": "",
        "value": {
          "_darkMode": "{colors.danger.oceanus.30}",
          "_lightMode": "{colors.danger.oceanus.80}",
          "base": "{colors.danger.oceanus.30}",
        },
      },
      "hover": {
        "description": "",
        "value": {
          "_darkMode": "{colors.danger.oceanus.50}",
          "_lightMode": "{colors.danger.oceanus.70}",
          "base": "{colors.danger.oceanus.50}",
        },
      },
      "initial": {
        "description": "",
        "value": {
          "_darkMode": "{colors.danger.oceanus.80}",
          "_lightMode": "{colors.danger.oceanus.60}",
          "base": "{colors.danger.oceanus.80}",
        },
      },
    },
    "border": {
      "initial": {
        "description": "",
        "value": {
          "_darkMode": "{colors.danger.oceanus.30}",
          "_lightMode": "{colors.danger.oceanus.50}",
          "base": "{colors.danger.oceanus.30}",
        },
      },
    },
    "ghost": {
      "active": {
        "description": "",
        "value": {
          "_darkMode": "{colors.danger.oceanus.70}",
          "_lightMode": "{colors.danger.oceanus.40}",
          "base": "{colors.danger.oceanus.70}",
        },
      },
      "hover": {
        "description": "Hover state of ghost action elements. Pair with text.danger.100 to meet accessibility requirements.",
        "value": {
          "_darkMode": "{colors.danger.oceanus.80}",
          "_lightMode": "{colors.danger.oceanus.30}",
          "base": "{colors.danger.oceanus.80}",
        },
      },
      "initial": {
        "description": "",
        "value": {
          "_darkMode": "{colors.oceanus.neutral.100}",
          "_lightMode": "{colors.oceanus.neutral.white}",
          "base": "{colors.oceanus.neutral.100}",
        },
      },
    },
    "surface": {
      "100": {
        "description": 
"Reserved for the &quot;floor&quot; of the page, or the lowest elevation surface
Use for: Page backgrounds"
,
        "value": {
          "_darkMode": "{colors.danger.oceanus.90}",
          "_lightMode": "{colors.danger.oceanus.10}",
          "base": "{colors.danger.oceanus.90}",
        },
      },
      "200": {
        "description": 
"Reserved for the &quot;floor&quot; of the page, or the lowest elevation surface
Use for: Page backgrounds"
,
        "value": {
          "_darkMode": "{colors.danger.oceanus.70}",
          "_lightMode": "{colors.danger.oceanus.60}",
          "base": "{colors.danger.oceanus.70}",
        },
      },
      "initial": {
        "description": "",
        "value": {
          "_darkMode": "{colors.danger.oceanus.80}",
          "_lightMode": "{colors.danger.oceanus.30}",
          "base": "{colors.danger.oceanus.80}",
        },
      },
    },
    "text": {
      "100": {
        "description": "Medium emphasis danger text ",
        "value": {
          "_darkMode": "{colors.danger.oceanus.20}",
          "_lightMode": "{colors.danger.oceanus.80}",
          "base": "{colors.danger.oceanus.20}",
        },
      },
      "200": {
        "description": "High emphasis text or icon to indicate a danger state, like an error within an input field, etc. ",
        "value": {
          "_darkMode": "{colors.danger.oceanus.10}",
          "_lightMode": "{colors.danger.cerberus.100}",
          "base": "{colors.danger.oceanus.10}",
        },
      },
      "initial": {
        "description": "The default color of body danger text within a danger colored container. ",
        "value": {
          "_darkMode": "{colors.danger.oceanus.60}",
          "_lightMode": "{colors.danger.oceanus.70}",
          "base": "{colors.danger.oceanus.60}",
        },
      },
      "inverse": {
        "description": "For use in containers that are also using the &quot;inverse&quot; styling. The inverse of the current mode the page is set to. ",
        "value": {
          "_darkMode": "{colors.danger.oceanus.100}",
          "_lightMode": "{colors.danger.oceanus.20}",
          "base": "{colors.danger.oceanus.100}",
        },
      },
      "static": {
        "description": "For use when a text color will not change between modes",
        "value": {
          "_darkMode": "{colors.danger.oceanus.70}",
          "_lightMode": "{colors.danger.oceanus.70}",
          "base": "{colors.danger.oceanus.70}",
        },
      },
    },
  },
}
`;

exports[`Oceanus Theme gradientTokens should match the established baseline 1`] = `
{
  "gradient": {
    "amphiaraus-dark": {
      "end": {
        "description": "",
        "value": {
          "_darkMode": "{colors.info.oceanus.60}",
          "_lightMode": "{colors.info.oceanus.60}",
          "base": "{colors.info.oceanus.60}",
        },
      },
      "start": {
        "description": "",
        "value": {
          "_darkMode": "{colors.info.oceanus.90}",
          "_lightMode": "{colors.info.oceanus.90}",
          "base": "{colors.info.oceanus.90}",
        },
      },
      "text": {
        "description": "",
        "value": {
          "_darkMode": "{colors.info.oceanus.10}",
          "_lightMode": "{colors.info.oceanus.10}",
          "base": "{colors.info.oceanus.10}",
        },
      },
    },
    "amphiaraus-light": {
      "end": {
        "description": "",
        "value": {
          "_darkMode": "{colors.info.oceanus.40}",
          "_lightMode": "{colors.info.oceanus.40}",
          "base": "{colors.info.oceanus.40}",
        },
      },
      "start": {
        "description": "",
        "value": {
          "_darkMode": "{colors.info.oceanus.20}",
          "_lightMode": "{colors.info.oceanus.20}",
          "base": "{colors.info.oceanus.20}",
        },
      },
      "text": {
        "description": "",
        "value": {
          "_darkMode": "{colors.info.oceanus.100}",
          "_lightMode": "{colors.info.oceanus.100}",
          "base": "{colors.info.oceanus.100}",
        },
      },
    },
    "asphodel-dark": {
      "end": {
        "description": "",
        "value": {
          "_darkMode": "{colors.warning.oceanus.60}",
          "_lightMode": "{colors.warning.oceanus.60}",
          "base": "{colors.warning.oceanus.60}",
        },
      },
      "start": {
        "description": "",
        "value": {
          "_darkMode": "{colors.warning.oceanus.80}",
          "_lightMode": "{colors.warning.oceanus.80}",
          "base": "{colors.warning.oceanus.80}",
        },
      },
      "text": {
        "description": "",
        "value": {
          "_darkMode": "{colors.warning.oceanus.100}",
          "_lightMode": "{colors.warning.oceanus.100}",
          "base": "{colors.warning.oceanus.100}",
        },
      },
    },
    "asphodel-light": {
      "end": {
        "description": "",
        "value": {
          "_darkMode": "{colors.warning.oceanus.50}",
          "_lightMode": "{colors.warning.oceanus.50}",
          "base": "{colors.warning.oceanus.50}",
        },
      },
      "start": {
        "description": "",
        "value": {
          "_darkMode": "{colors.warning.oceanus.20}",
          "_lightMode": "{colors.warning.oceanus.20}",
          "base": "{colors.warning.oceanus.20}",
        },
      },
      "text": {
        "description": "",
        "value": {
          "_darkMode": "{colors.warning.oceanus.100}",
          "_lightMode": "{colors.warning.oceanus.100}",
          "base": "{colors.warning.oceanus.100}",
        },
      },
    },
    "charon-dark": {
      "end": {
        "description": "",
        "value": {
          "_darkMode": "{colors.oceanus.brand.60}",
          "_lightMode": "{colors.oceanus.brand.60}",
          "base": "{colors.oceanus.brand.60}",
        },
      },
      "start": {
        "description": "",
        "value": {
          "_darkMode": "{colors.oceanus.brand.100}",
          "_lightMode": "{colors.oceanus.brand.100}",
          "base": "{colors.oceanus.brand.100}",
        },
      },
      "text": {
        "description": "",
        "value": {
          "_darkMode": "{colors.oceanus.brand.5}",
          "_lightMode": "{colors.oceanus.brand.5}",
          "base": "{colors.oceanus.brand.5}",
        },
      },
    },
    "charon-light": {
      "end": {
        "description": "",
        "value": {
          "_darkMode": "{colors.oceanus.brand.40}",
          "_lightMode": "{colors.oceanus.brand.40}",
          "base": "{colors.oceanus.brand.40}",
        },
      },
      "start": {
        "description": "",
        "value": {
          "_darkMode": "{colors.oceanus.brand.20}",
          "_lightMode": "{colors.oceanus.brand.20}",
          "base": "{colors.oceanus.brand.20}",
        },
      },
      "text": {
        "description": "",
        "value": {
          "_darkMode": "{colors.oceanus.brand.100}",
          "_lightMode": "{colors.oceanus.brand.100}",
          "base": "{colors.oceanus.brand.100}",
        },
      },
    },
    "hades-dark": {
      "end": {
        "description": "",
        "value": {
          "_darkMode": "{colors.danger.oceanus.50}",
          "_lightMode": "{colors.danger.oceanus.50}",
          "base": "{colors.danger.oceanus.50}",
        },
      },
      "start": {
        "description": "",
        "value": {
          "_darkMode": "{colors.danger.oceanus.80}",
          "_lightMode": "{colors.danger.oceanus.80}",
          "base": "{colors.danger.oceanus.80}",
        },
      },
      "text": {
        "description": "",
        "value": {
          "_darkMode": "{colors.danger.oceanus.10}",
          "_lightMode": "{colors.danger.oceanus.10}",
          "base": "{colors.danger.oceanus.10}",
        },
      },
    },
    "hades-light": {
      "end": {
        "description": "",
        "value": {
          "_darkMode": "{colors.danger.oceanus.40}",
          "_lightMode": "{colors.danger.oceanus.40}",
          "base": "{colors.danger.oceanus.40}",
        },
      },
      "start": {
        "description": "",
        "value": {
          "_darkMode": "{colors.danger.oceanus.20}",
          "_lightMode": "{colors.danger.oceanus.20}",
          "base": "{colors.danger.oceanus.20}",
        },
      },
      "text": {
        "description": "",
        "value": {
          "_darkMode": "{colors.danger.oceanus.100}",
          "_lightMode": "{colors.danger.oceanus.100}",
          "base": "{colors.danger.oceanus.100}",
        },
      },
    },
    "nyx-dark": {
      "end": {
        "description": "",
        "value": {
          "_darkMode": "{colors.oceanus.neutral.90}",
          "_lightMode": "{colors.oceanus.neutral.90}",
          "base": "{colors.oceanus.neutral.90}",
        },
      },
      "start": {
        "description": "",
        "value": {
          "_darkMode": "{colors.oceanus.neutral.100}",
          "_lightMode": "{colors.oceanus.neutral.100}",
          "base": "{colors.oceanus.neutral.100}",
        },
      },
      "text": {
        "description": "Reserved for usage only on top of gradients",
        "value": {
          "_darkMode": "{colors.oceanus.neutral.10}",
          "_lightMode": "{colors.oceanus.neutral.10}",
          "base": "{colors.oceanus.neutral.10}",
        },
      },
    },
    "nyx-light": {
      "end": {
        "description": "",
        "value": {
          "_darkMode": "{colors.oceanus.neutral.10}",
          "_lightMode": "{colors.oceanus.neutral.10}",
          "base": "{colors.oceanus.neutral.10}",
        },
      },
      "start": {
        "description": "",
        "value": {
          "_darkMode": "{colors.oceanus.neutral.30}",
          "_lightMode": "{colors.oceanus.neutral.30}",
          "base": "{colors.oceanus.neutral.30}",
        },
      },
      "text": {
        "description": "Reserved for usage only on top of gradients",
        "value": {
          "_darkMode": "{colors.oceanus.neutral.100}",
          "_lightMode": "{colors.oceanus.neutral.95}",
          "base": "{colors.oceanus.neutral.100}",
        },
      },
    },
    "styx-dark": {
      "end": {
        "description": "",
        "value": {
          "_darkMode": "{colors.oceanus.accent.60}",
          "_lightMode": "{colors.oceanus.accent.60}",
          "base": "{colors.oceanus.accent.60}",
        },
      },
      "start": {
        "description": "",
        "value": {
          "_darkMode": "{colors.oceanus.accent.90}",
          "_lightMode": "{colors.oceanus.accent.90}",
          "base": "{colors.oceanus.accent.90}",
        },
      },
      "text": {
        "description": "",
        "value": {
          "_darkMode": "{colors.oceanus.accent.20}",
          "_lightMode": "{colors.oceanus.accent.20}",
          "base": "{colors.oceanus.accent.20}",
        },
      },
    },
    "styx-light": {
      "end": {
        "description": "",
        "value": {
          "_darkMode": "{colors.oceanus.accent.50}",
          "_lightMode": "{colors.oceanus.accent.50}",
          "base": "{colors.oceanus.accent.50}",
        },
      },
      "start": {
        "description": "",
        "value": {
          "_darkMode": "{colors.oceanus.accent.20}",
          "_lightMode": "{colors.oceanus.accent.20}",
          "base": "{colors.oceanus.accent.20}",
        },
      },
      "text": {
        "description": "",
        "value": {
          "_darkMode": "{colors.oceanus.accent.100}",
          "_lightMode": "{colors.oceanus.accent.100}",
          "base": "{colors.oceanus.accent.100}",
        },
      },
    },
    "thanatos-dark": {
      "end": {
        "description": "",
        "value": {
          "_darkMode": "{colors.oceanus.success.90}",
          "_lightMode": "{colors.oceanus.success.90}",
          "base": "{colors.oceanus.success.90}",
        },
      },
      "start": {
        "description": "",
        "value": {
          "_darkMode": "{colors.oceanus.success.70}",
          "_lightMode": "{colors.oceanus.success.70}",
          "base": "{colors.oceanus.success.70}",
        },
      },
      "text": {
        "description": "",
        "value": {
          "_darkMode": "{colors.oceanus.success.20}",
          "_lightMode": "{colors.oceanus.success.20}",
          "base": "{colors.oceanus.success.20}",
        },
      },
    },
    "thanatos-light": {
      "end": {
        "description": "",
        "value": {
          "_darkMode": "{colors.oceanus.success.40}",
          "_lightMode": "{colors.oceanus.success.40}",
          "base": "{colors.oceanus.success.40}",
        },
      },
      "start": {
        "description": "",
        "value": {
          "_darkMode": "{colors.oceanus.success.20}",
          "_lightMode": "{colors.oceanus.success.20}",
          "base": "{colors.oceanus.success.20}",
        },
      },
      "text": {
        "description": "for text and icons on top of a gradient",
        "value": {
          "_darkMode": "{colors.oceanus.success.90}",
          "_lightMode": "{colors.oceanus.success.90}",
          "base": "{colors.oceanus.success.90}",
        },
      },
    },
  },
}
`;

exports[`Oceanus Theme dataVizTokens should match the established baseline 1`] = `
{
  "dataViz": {
    "diverging": {
      "100": {
        "description": "",
        "value": {
          "_darkMode": "{colors.info.oceanus.50}",
          "_lightMode": "{colors.info.oceanus.50}",
          "base": "{colors.info.oceanus.50}",
        },
      },
      "200": {
        "description": "",
        "value": {
          "_darkMode": "{colors.info.oceanus.40}",
          "_lightMode": "{colors.info.oceanus.40}",
          "base": "{colors.info.oceanus.40}",
        },
      },
      "300": {
        "description": "",
        "value": {
          "_darkMode": "{colors.info.oceanus.30}",
          "_lightMode": "{colors.info.oceanus.30}",
          "base": "{colors.info.oceanus.30}",
        },
      },
      "400": {
        "description": "",
        "value": {
          "_darkMode": "{colors.info.oceanus.20}",
          "_lightMode": "{colors.info.oceanus.20}",
          "base": "{colors.info.oceanus.20}",
        },
      },
      "50": {
        "description": "",
        "value": {
          "_darkMode": "{colors.info.oceanus.60}",
          "_lightMode": "{colors.info.oceanus.60}",
          "base": "{colors.info.oceanus.60}",
        },
      },
      "500": {
        "description": "",
        "value": {
          "_darkMode": "{colors.info.oceanus.10}",
          "_lightMode": "{colors.info.oceanus.10}",
          "base": "{colors.info.oceanus.10}",
        },
      },
      "600": {
        "description": "",
        "value": {
          "_darkMode": "{colors.warning.oceanus.40}",
          "_lightMode": "{colors.warning.oceanus.40}",
          "base": "{colors.warning.oceanus.40}",
        },
      },
      "700": {
        "description": "",
        "value": {
          "_darkMode": "{colors.warning.oceanus.60}",
          "_lightMode": "{colors.warning.oceanus.60}",
          "base": "{colors.warning.oceanus.60}",
        },
      },
      "800": {
        "description": "",
        "value": {
          "_darkMode": "{colors.warning.oceanus.80}",
          "_lightMode": "{colors.warning.oceanus.80}",
          "base": "{colors.warning.oceanus.80}",
        },
      },
      "900": {
        "description": "",
        "value": {
          "_darkMode": "{colors.warning.oceanus.90}",
          "_lightMode": "{colors.warning.oceanus.90}",
          "base": "{colors.warning.oceanus.90}",
        },
      },
    },
    "progress": {
      "complete": {
        "description": "",
        "value": {
          "_darkMode": "{colors.oceanus.success.60}",
          "_lightMode": "{colors.oceanus.success.60}",
          "base": "{colors.oceanus.success.60}",
        },
      },
      "end": {
        "description": "",
        "value": {
          "_darkMode": "{colors.oceanus.brand.70}",
          "_lightMode": "{colors.oceanus.brand.70}",
          "base": "{colors.oceanus.brand.70}",
        },
      },
      "start": {
        "description": "",
        "value": {
          "_darkMode": "{colors.oceanus.brand.40}",
          "_lightMode": "{colors.oceanus.brand.40}",
          "base": "{colors.oceanus.brand.40}",
        },
      },
    },
    "qualitative": {
      "100": {
        "description": "",
        "value": {
          "_darkMode": "{colors.oceanus.brand.50}",
          "_lightMode": "{colors.oceanus.brand.50}",
          "base": "{colors.oceanus.brand.50}",
        },
      },
      "200": {
        "description": "",
        "value": {
          "_darkMode": "{colors.oceanus.accent.60}",
          "_lightMode": "{colors.oceanus.accent.60}",
          "base": "{colors.oceanus.accent.60}",
        },
      },
      "300": {
        "description": "",
        "value": {
          "_darkMode": "{colors.warning.oceanus.60}",
          "_lightMode": "{colors.warning.oceanus.60}",
          "base": "{colors.warning.oceanus.60}",
        },
      },
      "400": {
        "description": "",
        "value": {
          "_darkMode": "{colors.info.oceanus.60}",
          "_lightMode": "{colors.info.oceanus.60}",
          "base": "{colors.info.oceanus.60}",
        },
      },
      "500": {
        "description": "",
        "value": {
          "_darkMode": "{colors.oceanus.brand.80}",
          "_lightMode": "{colors.oceanus.brand.80}",
          "base": "{colors.oceanus.brand.80}",
        },
      },
      "600": {
        "description": "",
        "value": {
          "_darkMode": "{colors.warning.oceanus.40}",
          "_lightMode": "{colors.warning.oceanus.40}",
          "base": "{colors.warning.oceanus.40}",
        },
      },
      "700": {
        "description": "",
        "value": {
          "_darkMode": "{colors.oceanus.neutral.70}",
          "_lightMode": "{colors.oceanus.neutral.70}",
          "base": "{colors.oceanus.neutral.70}",
        },
      },
    },
    "sequential": {
      "100": {
        "description": "",
        "value": {
          "_darkMode": "{colors.oceanus.brand.100}",
          "_lightMode": "{colors.oceanus.brand.10}",
          "base": "{colors.oceanus.brand.100}",
        },
      },
      "200": {
        "description": "",
        "value": {
          "_darkMode": "{colors.oceanus.brand.90}",
          "_lightMode": "{colors.oceanus.brand.30}",
          "base": "{colors.oceanus.brand.90}",
        },
      },
      "300": {
        "description": "",
        "value": {
          "_darkMode": "{colors.oceanus.brand.70}",
          "_lightMode": "{colors.oceanus.brand.50}",
          "base": "{colors.oceanus.brand.70}",
        },
      },
      "400": {
        "description": "",
        "value": {
          "_darkMode": "{colors.oceanus.brand.50}",
          "_lightMode": "{colors.oceanus.brand.70}",
          "base": "{colors.oceanus.brand.50}",
        },
      },
      "500": {
        "description": "",
        "value": {
          "_darkMode": "{colors.oceanus.brand.30}",
          "_lightMode": "{colors.oceanus.brand.90}",
          "base": "{colors.oceanus.brand.30}",
        },
      },
      "600": {
        "description": "",
        "value": {
          "_darkMode": "{colors.oceanus.brand.10}",
          "_lightMode": "{colors.oceanus.brand.100}",
          "base": "{colors.oceanus.brand.10}",
        },
      },
    },
  },
}
`;
